<html>
<body>
<pre>
<h1>µVision Build Log</h1>
<h2>Project:</h2>
E:\v24ce4v4\ARM\Industrial Automation\Moisture Sensor\sensors.uvproj
Project File Date:  06/10/2025

<h2>Output:</h2>
Build target 'Target 1'
assembling Startup.s...
compiling main.c...
spi.h(37): warning:  #550-D: variable "stat" was set but never used
spi.h:          u8 stat;
spi.h:             ^
spi.h: main.c: 1 warning, 0 errors
linking...
Program Size: Code=5980 RO-data=32 RW-data=12 ZI-data=1284  
FromELF: creating hex file...
"sensors.axf" - 0 Error(s), 1 Warning(s).
Build target 'Target 1'
assembling Startup.s...
compiling main.c...
spi.h(37): warning:  #550-D: variable "stat" was set but never used
spi.h:          u8 stat;
spi.h:             ^
spi.h: main.c: 1 warning, 0 errors
linking...
Program Size: Code=5980 RO-data=32 RW-data=12 ZI-data=1284  
FromELF: creating hex file...
"sensors.axf" - 0 Error(s), 1 Warning(s).
Build target 'Target 1'
assembling Startup.s...
compiling main.c...
spi.h(37): warning:  #550-D: variable "stat" was set but never used
spi.h:          u8 stat;
spi.h:             ^
spi.h: main.c: 1 warning, 0 errors
linking...
Program Size: Code=5980 RO-data=32 RW-data=12 ZI-data=1284  
FromELF: creating hex file...
"sensors.axf" - 0 Error(s), 1 Warning(s).
Build target 'Target 1'
assembling Startup.s...
compiling main.c...
spi.h(37): warning:  #550-D: variable "stat" was set but never used
spi.h:          u8 stat;
spi.h:             ^
spi.h: main.c: 1 warning, 0 errors
linking...
Program Size: Code=5980 RO-data=32 RW-data=12 ZI-data=1284  
FromELF: creating hex file...
"sensors.axf" - 0 Error(s), 1 Warning(s).
Build target 'Target 1'
assembling Startup.s...
compiling main.c...
spi.h(37): warning:  #550-D: variable "stat" was set but never used
spi.h:          u8 stat;
spi.h:             ^
spi.h: main.c: 1 warning, 0 errors
linking...
Program Size: Code=5928 RO-data=32 RW-data=12 ZI-data=1284  
FromELF: creating hex file...
"sensors.axf" - 0 Error(s), 1 Warning(s).
